DEBUG - 2026-07-20 08:31:04 --> Session: Class initialized using 'CodeIgniter\Session\Handlers\FileHandler' driver.
CRITICAL - 2026-07-20 08:31:04 --> CodeIgniter\View\Exceptions\ViewException: Invalid file: "client/login.php"
[Method: GET, Route: index]
in SYSTEMPATH/Exceptions/FrameworkException.php on line 39.
 1 SYSTEMPATH/View/View.php(228): CodeIgniter\Exceptions\FrameworkException::forInvalidFile()
 2 SYSTEMPATH/Common.php(1250): CodeIgniter\View\View->render()
 3 APPPATH/Controllers/Client/AuthController.php(18): view()
 4 SYSTEMPATH/CodeIgniter.php(951): App\Controllers\Client\AuthController->login()
 5 SYSTEMPATH/CodeIgniter.php(497): CodeIgniter\CodeIgniter->runController()
 6 SYSTEMPATH/CodeIgniter.php(340): CodeIgniter\CodeIgniter->handleRequest()
 7 SYSTEMPATH/Boot.php(417): CodeIgniter\CodeIgniter->run()
 8 SYSTEMPATH/Boot.php(68): CodeIgniter\Boot::runCodeIgniter()
 9 FCPATH/index.php(59): CodeIgniter\Boot::bootWeb()
10 SYSTEMPATH/rewrite.php(44): require_once('/home/johane/S4/SYSTEMINFO/Examen-finalS4/4162-3925/public/index.php')
DEBUG - 2026-07-20 08:34:38 --> Session: Class initialized using 'CodeIgniter\Session\Handlers\FileHandler' driver.
ERROR - 2026-07-20 08:34:53 --> Error connecting to the database: Exception: Unable to open database: unable to open database file in /home/johane/S4/SYSTEMINFO/Examen-finalS4/4162-3925/system/Database/SQLite3/Connection.php:111
Stack trace:
#0 /home/johane/S4/SYSTEMINFO/Examen-finalS4/4162-3925/system/Database/SQLite3/Connection.php(111): SQLite3->__construct()
#1 /home/johane/S4/SYSTEMINFO/Examen-finalS4/4162-3925/system/Database/BaseConnection.php(555): CodeIgniter\Database\SQLite3\Connection->connect()
#2 /home/johane/S4/SYSTEMINFO/Examen-finalS4/4162-3925/system/Database/SQLite3/Connection.php(74): CodeIgniter\Database\BaseConnection->initialize()
#3 /home/johane/S4/SYSTEMINFO/Examen-finalS4/4162-3925/system/Database/BaseConnection.php(795): CodeIgniter\Database\SQLite3\Connection->initialize()
#4 /home/johane/S4/SYSTEMINFO/Examen-finalS4/4162-3925/system/Database/BaseBuilder.php(1649): CodeIgniter\Database\BaseConnection->query()
#5 /home/johane/S4/SYSTEMINFO/Examen-finalS4/4162-3925/system/Model.php(295): CodeIgniter\Database\BaseBuilder->get()
#6 /home/johane/S4/SYSTEMINFO/Examen-finalS4/4162-3925/system/BaseModel.php(714): CodeIgniter\Model->doFirst()
#7 /home/johane/S4/SYSTEMINFO/Examen-finalS4/4162-3925/app/Models/PrefixeModel.php(15): CodeIgniter\BaseModel->first()
#8 /home/johane/S4/SYSTEMINFO/Examen-finalS4/4162-3925/app/Controllers/Client/AuthController.php(35): App\Models\PrefixeModel->estValide()
#9 /home/johane/S4/SYSTEMINFO/Examen-finalS4/4162-3925/system/CodeIgniter.php(951): App\Controllers\Client\AuthController->process()
#10 /home/johane/S4/SYSTEMINFO/Examen-finalS4/4162-3925/system/CodeIgniter.php(497): CodeIgniter\CodeIgniter->runController()
#11 /home/johane/S4/SYSTEMINFO/Examen-finalS4/4162-3925/system/CodeIgniter.php(340): CodeIgniter\CodeIgniter->handleRequest()
#12 /home/johane/S4/SYSTEMINFO/Examen-finalS4/4162-3925/system/Boot.php(417): CodeIgniter\CodeIgniter->run()
#13 /home/johane/S4/SYSTEMINFO/Examen-finalS4/4162-3925/system/Boot.php(68): CodeIgniter\Boot::runCodeIgniter()
#14 /home/johane/S4/SYSTEMINFO/Examen-finalS4/4162-3925/public/index.php(59): CodeIgniter\Boot::bootWeb()
#15 /home/johane/S4/SYSTEMINFO/Examen-finalS4/4162-3925/system/rewrite.php(44): require_once('...')
#16 {main}

Next CodeIgniter\Database\Exceptions\DatabaseException: SQLite3 error: Unable to open database: unable to open database file in /home/johane/S4/SYSTEMINFO/Examen-finalS4/4162-3925/system/Database/SQLite3/Connection.php:118
Stack trace:
#0 /home/johane/S4/SYSTEMINFO/Examen-finalS4/4162-3925/system/Database/BaseConnection.php(555): CodeIgniter\Database\SQLite3\Connection->connect()
#1 /home/johane/S4/SYSTEMINFO/Examen-finalS4/4162-3925/system/Database/SQLite3/Connection.php(74): CodeIgniter\Database\BaseConnection->initialize()
#2 /home/johane/S4/SYSTEMINFO/Examen-finalS4/4162-3925/system/Database/BaseConnection.php(795): CodeIgniter\Database\SQLite3\Connection->initialize()
#3 /home/johane/S4/SYSTEMINFO/Examen-finalS4/4162-3925/system/Database/BaseBuilder.php(1649): CodeIgniter\Database\BaseConnection->query()
#4 /home/johane/S4/SYSTEMINFO/Examen-finalS4/4162-3925/system/Model.php(295): CodeIgniter\Database\BaseBuilder->get()
#5 /home/johane/S4/SYSTEMINFO/Examen-finalS4/4162-3925/system/BaseModel.php(714): CodeIgniter\Model->doFirst()
#6 /home/johane/S4/SYSTEMINFO/Examen-finalS4/4162-3925/app/Models/PrefixeModel.php(15): CodeIgniter\BaseModel->first()
#7 /home/johane/S4/SYSTEMINFO/Examen-finalS4/4162-3925/app/Controllers/Client/AuthController.php(35): App\Models\PrefixeModel->estValide()
#8 /home/johane/S4/SYSTEMINFO/Examen-finalS4/4162-3925/system/CodeIgniter.php(951): App\Controllers\Client\AuthController->process()
#9 /home/johane/S4/SYSTEMINFO/Examen-finalS4/4162-3925/system/CodeIgniter.php(497): CodeIgniter\CodeIgniter->runController()
#10 /home/johane/S4/SYSTEMINFO/Examen-finalS4/4162-3925/system/CodeIgniter.php(340): CodeIgniter\CodeIgniter->handleRequest()
#11 /home/johane/S4/SYSTEMINFO/Examen-finalS4/4162-3925/system/Boot.php(417): CodeIgniter\CodeIgniter->run()
#12 /home/johane/S4/SYSTEMINFO/Examen-finalS4/4162-3925/system/Boot.php(68): CodeIgniter\Boot::runCodeIgniter()
#13 /home/johane/S4/SYSTEMINFO/Examen-finalS4/4162-3925/public/index.php(59): CodeIgniter\Boot::bootWeb()
#14 /home/johane/S4/SYSTEMINFO/Examen-finalS4/4162-3925/system/rewrite.php(44): require_once('...')
#15 {main}
CRITICAL - 2026-07-20 08:34:53 --> CodeIgniter\Database\Exceptions\DatabaseException: Unable to connect to the database.
Main connection [SQLite3]: SQLite3 error: Unable to open database: unable to open database file
[Method: POST, Route: client/login]
in SYSTEMPATH/Database/BaseConnection.php on line 606.
 1 SYSTEMPATH/Database/SQLite3/Connection.php(74): CodeIgniter\Database\BaseConnection->initialize()
 2 SYSTEMPATH/Database/BaseConnection.php(795): CodeIgniter\Database\SQLite3\Connection->initialize()
 3 SYSTEMPATH/Database/BaseBuilder.php(1649): CodeIgniter\Database\BaseConnection->query()
 4 SYSTEMPATH/Model.php(295): CodeIgniter\Database\BaseBuilder->get()
 5 SYSTEMPATH/BaseModel.php(714): CodeIgniter\Model->doFirst()
 6 APPPATH/Models/PrefixeModel.php(15): CodeIgniter\BaseModel->first()
 7 APPPATH/Controllers/Client/AuthController.php(35): App\Models\PrefixeModel->estValide()
 8 SYSTEMPATH/CodeIgniter.php(951): App\Controllers\Client\AuthController->process()
 9 SYSTEMPATH/CodeIgniter.php(497): CodeIgniter\CodeIgniter->runController()
10 SYSTEMPATH/CodeIgniter.php(340): CodeIgniter\CodeIgniter->handleRequest()
11 SYSTEMPATH/Boot.php(417): CodeIgniter\CodeIgniter->run()
12 SYSTEMPATH/Boot.php(68): CodeIgniter\Boot::runCodeIgniter()
13 FCPATH/index.php(59): CodeIgniter\Boot::bootWeb()
14 SYSTEMPATH/rewrite.php(44): require_once('/home/johane/S4/SYSTEMINFO/Examen-finalS4/4162-3925/public/index.php')
ERROR - 2026-07-20 08:42:05 --> Error connecting to the database: Exception: Unable to open database: unable to open database file in /home/johane/S4/SYSTEMINFO/Examen-finalS4/4162-3925/system/Database/SQLite3/Connection.php:111
Stack trace:
#0 /home/johane/S4/SYSTEMINFO/Examen-finalS4/4162-3925/system/Database/SQLite3/Connection.php(111): SQLite3->__construct()
#1 /home/johane/S4/SYSTEMINFO/Examen-finalS4/4162-3925/system/Database/BaseConnection.php(555): CodeIgniter\Database\SQLite3\Connection->connect()
#2 /home/johane/S4/SYSTEMINFO/Examen-finalS4/4162-3925/system/Database/SQLite3/Connection.php(74): CodeIgniter\Database\BaseConnection->initialize()
#3 /home/johane/S4/SYSTEMINFO/Examen-finalS4/4162-3925/system/Database/BaseConnection.php(795): CodeIgniter\Database\SQLite3\Connection->initialize()
#4 /home/johane/S4/SYSTEMINFO/Examen-finalS4/4162-3925/system/Database/BaseBuilder.php(1649): CodeIgniter\Database\BaseConnection->query()
#5 /home/johane/S4/SYSTEMINFO/Examen-finalS4/4162-3925/system/Model.php(295): CodeIgniter\Database\BaseBuilder->get()
#6 /home/johane/S4/SYSTEMINFO/Examen-finalS4/4162-3925/system/BaseModel.php(714): CodeIgniter\Model->doFirst()
#7 /home/johane/S4/SYSTEMINFO/Examen-finalS4/4162-3925/app/Models/PrefixeModel.php(15): CodeIgniter\BaseModel->first()
#8 /home/johane/S4/SYSTEMINFO/Examen-finalS4/4162-3925/app/Controllers/Client/AuthController.php(35): App\Models\PrefixeModel->estValide()
#9 /home/johane/S4/SYSTEMINFO/Examen-finalS4/4162-3925/system/CodeIgniter.php(951): App\Controllers\Client\AuthController->process()
#10 /home/johane/S4/SYSTEMINFO/Examen-finalS4/4162-3925/system/CodeIgniter.php(497): CodeIgniter\CodeIgniter->runController()
#11 /home/johane/S4/SYSTEMINFO/Examen-finalS4/4162-3925/system/CodeIgniter.php(340): CodeIgniter\CodeIgniter->handleRequest()
#12 /home/johane/S4/SYSTEMINFO/Examen-finalS4/4162-3925/system/Boot.php(417): CodeIgniter\CodeIgniter->run()
#13 /home/johane/S4/SYSTEMINFO/Examen-finalS4/4162-3925/system/Boot.php(68): CodeIgniter\Boot::runCodeIgniter()
#14 /home/johane/S4/SYSTEMINFO/Examen-finalS4/4162-3925/public/index.php(59): CodeIgniter\Boot::bootWeb()
#15 /home/johane/S4/SYSTEMINFO/Examen-finalS4/4162-3925/system/rewrite.php(44): require_once('...')
#16 {main}

Next CodeIgniter\Database\Exceptions\DatabaseException: SQLite3 error: Unable to open database: unable to open database file in /home/johane/S4/SYSTEMINFO/Examen-finalS4/4162-3925/system/Database/SQLite3/Connection.php:118
Stack trace:
#0 /home/johane/S4/SYSTEMINFO/Examen-finalS4/4162-3925/system/Database/BaseConnection.php(555): CodeIgniter\Database\SQLite3\Connection->connect()
#1 /home/johane/S4/SYSTEMINFO/Examen-finalS4/4162-3925/system/Database/SQLite3/Connection.php(74): CodeIgniter\Database\BaseConnection->initialize()
#2 /home/johane/S4/SYSTEMINFO/Examen-finalS4/4162-3925/system/Database/BaseConnection.php(795): CodeIgniter\Database\SQLite3\Connection->initialize()
#3 /home/johane/S4/SYSTEMINFO/Examen-finalS4/4162-3925/system/Database/BaseBuilder.php(1649): CodeIgniter\Database\BaseConnection->query()
#4 /home/johane/S4/SYSTEMINFO/Examen-finalS4/4162-3925/system/Model.php(295): CodeIgniter\Database\BaseBuilder->get()
#5 /home/johane/S4/SYSTEMINFO/Examen-finalS4/4162-3925/system/BaseModel.php(714): CodeIgniter\Model->doFirst()
#6 /home/johane/S4/SYSTEMINFO/Examen-finalS4/4162-3925/app/Models/PrefixeModel.php(15): CodeIgniter\BaseModel->first()
#7 /home/johane/S4/SYSTEMINFO/Examen-finalS4/4162-3925/app/Controllers/Client/AuthController.php(35): App\Models\PrefixeModel->estValide()
#8 /home/johane/S4/SYSTEMINFO/Examen-finalS4/4162-3925/system/CodeIgniter.php(951): App\Controllers\Client\AuthController->process()
#9 /home/johane/S4/SYSTEMINFO/Examen-finalS4/4162-3925/system/CodeIgniter.php(497): CodeIgniter\CodeIgniter->runController()
#10 /home/johane/S4/SYSTEMINFO/Examen-finalS4/4162-3925/system/CodeIgniter.php(340): CodeIgniter\CodeIgniter->handleRequest()
#11 /home/johane/S4/SYSTEMINFO/Examen-finalS4/4162-3925/system/Boot.php(417): CodeIgniter\CodeIgniter->run()
#12 /home/johane/S4/SYSTEMINFO/Examen-finalS4/4162-3925/system/Boot.php(68): CodeIgniter\Boot::runCodeIgniter()
#13 /home/johane/S4/SYSTEMINFO/Examen-finalS4/4162-3925/public/index.php(59): CodeIgniter\Boot::bootWeb()
#14 /home/johane/S4/SYSTEMINFO/Examen-finalS4/4162-3925/system/rewrite.php(44): require_once('...')
#15 {main}
CRITICAL - 2026-07-20 08:42:05 --> CodeIgniter\Database\Exceptions\DatabaseException: Unable to connect to the database.
Main connection [SQLite3]: SQLite3 error: Unable to open database: unable to open database file
[Method: POST, Route: client/login]
in SYSTEMPATH/Database/BaseConnection.php on line 606.
 1 SYSTEMPATH/Database/SQLite3/Connection.php(74): CodeIgniter\Database\BaseConnection->initialize()
 2 SYSTEMPATH/Database/BaseConnection.php(795): CodeIgniter\Database\SQLite3\Connection->initialize()
 3 SYSTEMPATH/Database/BaseBuilder.php(1649): CodeIgniter\Database\BaseConnection->query()
 4 SYSTEMPATH/Model.php(295): CodeIgniter\Database\BaseBuilder->get()
 5 SYSTEMPATH/BaseModel.php(714): CodeIgniter\Model->doFirst()
 6 APPPATH/Models/PrefixeModel.php(15): CodeIgniter\BaseModel->first()
 7 APPPATH/Controllers/Client/AuthController.php(35): App\Models\PrefixeModel->estValide()
 8 SYSTEMPATH/CodeIgniter.php(951): App\Controllers\Client\AuthController->process()
 9 SYSTEMPATH/CodeIgniter.php(497): CodeIgniter\CodeIgniter->runController()
10 SYSTEMPATH/CodeIgniter.php(340): CodeIgniter\CodeIgniter->handleRequest()
11 SYSTEMPATH/Boot.php(417): CodeIgniter\CodeIgniter->run()
12 SYSTEMPATH/Boot.php(68): CodeIgniter\Boot::runCodeIgniter()
13 FCPATH/index.php(59): CodeIgniter\Boot::bootWeb()
14 SYSTEMPATH/rewrite.php(44): require_once('/home/johane/S4/SYSTEMINFO/Examen-finalS4/4162-3925/public/index.php')
DEBUG - 2026-07-20 08:42:20 --> Session: Class initialized using 'CodeIgniter\Session\Handlers\FileHandler' driver.
DEBUG - 2026-07-20 08:42:47 --> Session: Class initialized using 'CodeIgniter\Session\Handlers\FileHandler' driver.
ERROR - 2026-07-20 08:42:52 --> Error connecting to the database: Exception: Unable to open database: unable to open database file in /home/johane/S4/SYSTEMINFO/Examen-finalS4/4162-3925/system/Database/SQLite3/Connection.php:111
Stack trace:
#0 /home/johane/S4/SYSTEMINFO/Examen-finalS4/4162-3925/system/Database/SQLite3/Connection.php(111): SQLite3->__construct()
#1 /home/johane/S4/SYSTEMINFO/Examen-finalS4/4162-3925/system/Database/BaseConnection.php(555): CodeIgniter\Database\SQLite3\Connection->connect()
#2 /home/johane/S4/SYSTEMINFO/Examen-finalS4/4162-3925/system/Database/SQLite3/Connection.php(74): CodeIgniter\Database\BaseConnection->initialize()
#3 /home/johane/S4/SYSTEMINFO/Examen-finalS4/4162-3925/system/Database/BaseConnection.php(795): CodeIgniter\Database\SQLite3\Connection->initialize()
#4 /home/johane/S4/SYSTEMINFO/Examen-finalS4/4162-3925/system/Database/BaseBuilder.php(1649): CodeIgniter\Database\BaseConnection->query()
#5 /home/johane/S4/SYSTEMINFO/Examen-finalS4/4162-3925/system/Model.php(295): CodeIgniter\Database\BaseBuilder->get()
#6 /home/johane/S4/SYSTEMINFO/Examen-finalS4/4162-3925/system/BaseModel.php(714): CodeIgniter\Model->doFirst()
#7 /home/johane/S4/SYSTEMINFO/Examen-finalS4/4162-3925/app/Models/PrefixeModel.php(15): CodeIgniter\BaseModel->first()
#8 /home/johane/S4/SYSTEMINFO/Examen-finalS4/4162-3925/app/Controllers/Client/AuthController.php(35): App\Models\PrefixeModel->estValide()
#9 /home/johane/S4/SYSTEMINFO/Examen-finalS4/4162-3925/system/CodeIgniter.php(951): App\Controllers\Client\AuthController->process()
#10 /home/johane/S4/SYSTEMINFO/Examen-finalS4/4162-3925/system/CodeIgniter.php(497): CodeIgniter\CodeIgniter->runController()
#11 /home/johane/S4/SYSTEMINFO/Examen-finalS4/4162-3925/system/CodeIgniter.php(340): CodeIgniter\CodeIgniter->handleRequest()
#12 /home/johane/S4/SYSTEMINFO/Examen-finalS4/4162-3925/system/Boot.php(417): CodeIgniter\CodeIgniter->run()
#13 /home/johane/S4/SYSTEMINFO/Examen-finalS4/4162-3925/system/Boot.php(68): CodeIgniter\Boot::runCodeIgniter()
#14 /home/johane/S4/SYSTEMINFO/Examen-finalS4/4162-3925/public/index.php(59): CodeIgniter\Boot::bootWeb()
#15 /home/johane/S4/SYSTEMINFO/Examen-finalS4/4162-3925/system/rewrite.php(44): require_once('...')
#16 {main}

Next CodeIgniter\Database\Exceptions\DatabaseException: SQLite3 error: Unable to open database: unable to open database file in /home/johane/S4/SYSTEMINFO/Examen-finalS4/4162-3925/system/Database/SQLite3/Connection.php:118
Stack trace:
#0 /home/johane/S4/SYSTEMINFO/Examen-finalS4/4162-3925/system/Database/BaseConnection.php(555): CodeIgniter\Database\SQLite3\Connection->connect()
#1 /home/johane/S4/SYSTEMINFO/Examen-finalS4/4162-3925/system/Database/SQLite3/Connection.php(74): CodeIgniter\Database\BaseConnection->initialize()
#2 /home/johane/S4/SYSTEMINFO/Examen-finalS4/4162-3925/system/Database/BaseConnection.php(795): CodeIgniter\Database\SQLite3\Connection->initialize()
#3 /home/johane/S4/SYSTEMINFO/Examen-finalS4/4162-3925/system/Database/BaseBuilder.php(1649): CodeIgniter\Database\BaseConnection->query()
#4 /home/johane/S4/SYSTEMINFO/Examen-finalS4/4162-3925/system/Model.php(295): CodeIgniter\Database\BaseBuilder->get()
#5 /home/johane/S4/SYSTEMINFO/Examen-finalS4/4162-3925/system/BaseModel.php(714): CodeIgniter\Model->doFirst()
#6 /home/johane/S4/SYSTEMINFO/Examen-finalS4/4162-3925/app/Models/PrefixeModel.php(15): CodeIgniter\BaseModel->first()
#7 /home/johane/S4/SYSTEMINFO/Examen-finalS4/4162-3925/app/Controllers/Client/AuthController.php(35): App\Models\PrefixeModel->estValide()
#8 /home/johane/S4/SYSTEMINFO/Examen-finalS4/4162-3925/system/CodeIgniter.php(951): App\Controllers\Client\AuthController->process()
#9 /home/johane/S4/SYSTEMINFO/Examen-finalS4/4162-3925/system/CodeIgniter.php(497): CodeIgniter\CodeIgniter->runController()
#10 /home/johane/S4/SYSTEMINFO/Examen-finalS4/4162-3925/system/CodeIgniter.php(340): CodeIgniter\CodeIgniter->handleRequest()
#11 /home/johane/S4/SYSTEMINFO/Examen-finalS4/4162-3925/system/Boot.php(417): CodeIgniter\CodeIgniter->run()
#12 /home/johane/S4/SYSTEMINFO/Examen-finalS4/4162-3925/system/Boot.php(68): CodeIgniter\Boot::runCodeIgniter()
#13 /home/johane/S4/SYSTEMINFO/Examen-finalS4/4162-3925/public/index.php(59): CodeIgniter\Boot::bootWeb()
#14 /home/johane/S4/SYSTEMINFO/Examen-finalS4/4162-3925/system/rewrite.php(44): require_once('...')
#15 {main}
CRITICAL - 2026-07-20 08:42:52 --> CodeIgniter\Database\Exceptions\DatabaseException: Unable to connect to the database.
Main connection [SQLite3]: SQLite3 error: Unable to open database: unable to open database file
[Method: POST, Route: client/login]
in SYSTEMPATH/Database/BaseConnection.php on line 606.
 1 SYSTEMPATH/Database/SQLite3/Connection.php(74): CodeIgniter\Database\BaseConnection->initialize()
 2 SYSTEMPATH/Database/BaseConnection.php(795): CodeIgniter\Database\SQLite3\Connection->initialize()
 3 SYSTEMPATH/Database/BaseBuilder.php(1649): CodeIgniter\Database\BaseConnection->query()
 4 SYSTEMPATH/Model.php(295): CodeIgniter\Database\BaseBuilder->get()
 5 SYSTEMPATH/BaseModel.php(714): CodeIgniter\Model->doFirst()
 6 APPPATH/Models/PrefixeModel.php(15): CodeIgniter\BaseModel->first()
 7 APPPATH/Controllers/Client/AuthController.php(35): App\Models\PrefixeModel->estValide()
 8 SYSTEMPATH/CodeIgniter.php(951): App\Controllers\Client\AuthController->process()
 9 SYSTEMPATH/CodeIgniter.php(497): CodeIgniter\CodeIgniter->runController()
10 SYSTEMPATH/CodeIgniter.php(340): CodeIgniter\CodeIgniter->handleRequest()
11 SYSTEMPATH/Boot.php(417): CodeIgniter\CodeIgniter->run()
12 SYSTEMPATH/Boot.php(68): CodeIgniter\Boot::runCodeIgniter()
13 FCPATH/index.php(59): CodeIgniter\Boot::bootWeb()
14 SYSTEMPATH/rewrite.php(44): require_once('/home/johane/S4/SYSTEMINFO/Examen-finalS4/4162-3925/public/index.php')
DEBUG - 2026-07-20 08:50:29 --> Session: Class initialized using 'CodeIgniter\Session\Handlers\FileHandler' driver.
DEBUG - 2026-07-20 08:50:33 --> Session: Class initialized using 'CodeIgniter\Session\Handlers\FileHandler' driver.
CRITICAL - 2026-07-20 08:50:37 --> Error: Class "App\Models\ClientModel" not found
[Method: POST, Route: client/login]
in APPPATH/Controllers/Client/AuthController.php on line 39.
 1 SYSTEMPATH/CodeIgniter.php(951): App\Controllers\Client\AuthController->process()
 2 SYSTEMPATH/CodeIgniter.php(497): CodeIgniter\CodeIgniter->runController()
 3 SYSTEMPATH/CodeIgniter.php(340): CodeIgniter\CodeIgniter->handleRequest()
 4 SYSTEMPATH/Boot.php(417): CodeIgniter\CodeIgniter->run()
 5 SYSTEMPATH/Boot.php(68): CodeIgniter\Boot::runCodeIgniter()
 6 FCPATH/index.php(59): CodeIgniter\Boot::bootWeb()
 7 SYSTEMPATH/rewrite.php(44): require_once('/home/johane/S4/SYSTEMINFO/Examen-finalS4/4162-3925/public/index.php')
DEBUG - 2026-07-20 08:53:38 --> Session: Class initialized using 'CodeIgniter\Session\Handlers\FileHandler' driver.
DEBUG - 2026-07-20 08:53:41 --> Session: Class initialized using 'CodeIgniter\Session\Handlers\FileHandler' driver.
DEBUG - 2026-07-20 08:53:41 --> Session: Class initialized using 'CodeIgniter\Session\Handlers\FileHandler' driver.
DEBUG - 2026-07-20 08:53:45 --> Session: Class initialized using 'CodeIgniter\Session\Handlers\FileHandler' driver.
DEBUG - 2026-07-20 08:53:49 --> Session: Class initialized using 'CodeIgniter\Session\Handlers\FileHandler' driver.
DEBUG - 2026-07-20 08:53:49 --> Session: Class initialized using 'CodeIgniter\Session\Handlers\FileHandler' driver.
DEBUG - 2026-07-20 08:53:51 --> Session: Class initialized using 'CodeIgniter\Session\Handlers\FileHandler' driver.
DEBUG - 2026-07-20 08:53:57 --> Session: Class initialized using 'CodeIgniter\Session\Handlers\FileHandler' driver.
ERROR - 2026-07-20 08:53:57 --> Unable to prepare statement: no such table: bareme_frais
in SYSTEMPATH/Database/SQLite3/Connection.php on line 164.
 1 SYSTEMPATH/Database/SQLite3/Connection.php(164): SQLite3->query()
 2 SYSTEMPATH/Database/BaseConnection.php(910): CodeIgniter\Database\SQLite3\Connection->execute()
 3 SYSTEMPATH/Database/BaseConnection.php(827): CodeIgniter\Database\BaseConnection->simpleQuery()
 4 SYSTEMPATH/Database/BaseBuilder.php(1649): CodeIgniter\Database\BaseConnection->query()
 5 SYSTEMPATH/Model.php(295): CodeIgniter\Database\BaseBuilder->get()
 6 SYSTEMPATH/BaseModel.php(714): CodeIgniter\Model->doFirst()
 7 APPPATH/Models/BaremeFraisModel.php(19): CodeIgniter\BaseModel->first()
 8 APPPATH/Controllers/Client/OperationController.php(72): App\Models\BaremeFraisModel->calculerFrais()
 9 SYSTEMPATH/CodeIgniter.php(951): App\Controllers\Client\OperationController->retraitProcess()
10 SYSTEMPATH/CodeIgniter.php(497): CodeIgniter\CodeIgniter->runController()
11 SYSTEMPATH/CodeIgniter.php(340): CodeIgniter\CodeIgniter->handleRequest()
12 SYSTEMPATH/Boot.php(417): CodeIgniter\CodeIgniter->run()
13 SYSTEMPATH/Boot.php(68): CodeIgniter\Boot::runCodeIgniter()
14 FCPATH/index.php(59): CodeIgniter\Boot::bootWeb()
15 SYSTEMPATH/rewrite.php(44): require_once('/home/johane/S4/SYSTEMINFO/Examen-finalS4/4162-3925/public/index.php')
CRITICAL - 2026-07-20 08:53:57 --> CodeIgniter\Database\Exceptions\DatabaseException: Unable to prepare statement: no such table: bareme_frais
[Method: POST, Route: client/retrait]
in SYSTEMPATH/Database/BaseConnection.php on line 865.
 1 SYSTEMPATH/Database/BaseBuilder.php(1649): CodeIgniter\Database\BaseConnection->query()
 2 SYSTEMPATH/Model.php(295): CodeIgniter\Database\BaseBuilder->get()
 3 SYSTEMPATH/BaseModel.php(714): CodeIgniter\Model->doFirst()
 4 APPPATH/Models/BaremeFraisModel.php(19): CodeIgniter\BaseModel->first()
 5 APPPATH/Controllers/Client/OperationController.php(72): App\Models\BaremeFraisModel->calculerFrais()
 6 SYSTEMPATH/CodeIgniter.php(951): App\Controllers\Client\OperationController->retraitProcess()
 7 SYSTEMPATH/CodeIgniter.php(497): CodeIgniter\CodeIgniter->runController()
 8 SYSTEMPATH/CodeIgniter.php(340): CodeIgniter\CodeIgniter->handleRequest()
 9 SYSTEMPATH/Boot.php(417): CodeIgniter\CodeIgniter->run()
10 SYSTEMPATH/Boot.php(68): CodeIgniter\Boot::runCodeIgniter()
11 FCPATH/index.php(59): CodeIgniter\Boot::bootWeb()
12 SYSTEMPATH/rewrite.php(44): require_once('/home/johane/S4/SYSTEMINFO/Examen-finalS4/4162-3925/public/index.php')
CRITICAL - 2026-07-20 08:53:57 --> [Caused by] CodeIgniter\Database\Exceptions\DatabaseException: Unable to prepare statement: no such table: bareme_frais
in SYSTEMPATH/Database/SQLite3/Connection.php on line 174.
 1 SYSTEMPATH/Database/BaseConnection.php(910): CodeIgniter\Database\SQLite3\Connection->execute()
 2 SYSTEMPATH/Database/BaseConnection.php(827): CodeIgniter\Database\BaseConnection->simpleQuery()
 3 SYSTEMPATH/Database/BaseBuilder.php(1649): CodeIgniter\Database\BaseConnection->query()
 4 SYSTEMPATH/Model.php(295): CodeIgniter\Database\BaseBuilder->get()
 5 SYSTEMPATH/BaseModel.php(714): CodeIgniter\Model->doFirst()
 6 APPPATH/Models/BaremeFraisModel.php(19): CodeIgniter\BaseModel->first()
 7 APPPATH/Controllers/Client/OperationController.php(72): App\Models\BaremeFraisModel->calculerFrais()
 8 SYSTEMPATH/CodeIgniter.php(951): App\Controllers\Client\OperationController->retraitProcess()
 9 SYSTEMPATH/CodeIgniter.php(497): CodeIgniter\CodeIgniter->runController()
10 SYSTEMPATH/CodeIgniter.php(340): CodeIgniter\CodeIgniter->handleRequest()
11 SYSTEMPATH/Boot.php(417): CodeIgniter\CodeIgniter->run()
12 SYSTEMPATH/Boot.php(68): CodeIgniter\Boot::runCodeIgniter()
13 FCPATH/index.php(59): CodeIgniter\Boot::bootWeb()
14 SYSTEMPATH/rewrite.php(44): require_once('/home/johane/S4/SYSTEMINFO/Examen-finalS4/4162-3925/public/index.php')
CRITICAL - 2026-07-20 08:53:57 --> [Caused by] SQLite3Exception: Unable to prepare statement: no such table: bareme_frais
in SYSTEMPATH/Database/SQLite3/Connection.php on line 164.
 1 SYSTEMPATH/Database/SQLite3/Connection.php(164): SQLite3->query()
 2 SYSTEMPATH/Database/BaseConnection.php(910): CodeIgniter\Database\SQLite3\Connection->execute()
 3 SYSTEMPATH/Database/BaseConnection.php(827): CodeIgniter\Database\BaseConnection->simpleQuery()
 4 SYSTEMPATH/Database/BaseBuilder.php(1649): CodeIgniter\Database\BaseConnection->query()
 5 SYSTEMPATH/Model.php(295): CodeIgniter\Database\BaseBuilder->get()
 6 SYSTEMPATH/BaseModel.php(714): CodeIgniter\Model->doFirst()
 7 APPPATH/Models/BaremeFraisModel.php(19): CodeIgniter\BaseModel->first()
 8 APPPATH/Controllers/Client/OperationController.php(72): App\Models\BaremeFraisModel->calculerFrais()
 9 SYSTEMPATH/CodeIgniter.php(951): App\Controllers\Client\OperationController->retraitProcess()
10 SYSTEMPATH/CodeIgniter.php(497): CodeIgniter\CodeIgniter->runController()
11 SYSTEMPATH/CodeIgniter.php(340): CodeIgniter\CodeIgniter->handleRequest()
12 SYSTEMPATH/Boot.php(417): CodeIgniter\CodeIgniter->run()
13 SYSTEMPATH/Boot.php(68): CodeIgniter\Boot::runCodeIgniter()
14 FCPATH/index.php(59): CodeIgniter\Boot::bootWeb()
15 SYSTEMPATH/rewrite.php(44): require_once('/home/johane/S4/SYSTEMINFO/Examen-finalS4/4162-3925/public/index.php')
DEBUG - 2026-07-20 08:55:15 --> Session: Class initialized using 'CodeIgniter\Session\Handlers\FileHandler' driver.
DEBUG - 2026-07-20 08:55:16 --> Session: Class initialized using 'CodeIgniter\Session\Handlers\FileHandler' driver.
DEBUG - 2026-07-20 08:55:21 --> Session: Class initialized using 'CodeIgniter\Session\Handlers\FileHandler' driver.
DEBUG - 2026-07-20 08:55:21 --> Session: Class initialized using 'CodeIgniter\Session\Handlers\FileHandler' driver.
DEBUG - 2026-07-20 08:55:23 --> Session: Class initialized using 'CodeIgniter\Session\Handlers\FileHandler' driver.
DEBUG - 2026-07-20 08:55:39 --> Session: Class initialized using 'CodeIgniter\Session\Handlers\FileHandler' driver.
DEBUG - 2026-07-20 08:55:39 --> Session: Class initialized using 'CodeIgniter\Session\Handlers\FileHandler' driver.
DEBUG - 2026-07-20 08:56:01 --> Session: Class initialized using 'CodeIgniter\Session\Handlers\FileHandler' driver.
DEBUG - 2026-07-20 08:56:05 --> Session: Class initialized using 'CodeIgniter\Session\Handlers\FileHandler' driver.
DEBUG - 2026-07-20 08:56:16 --> Session: Class initialized using 'CodeIgniter\Session\Handlers\FileHandler' driver.
DEBUG - 2026-07-20 08:56:16 --> Session: Class initialized using 'CodeIgniter\Session\Handlers\FileHandler' driver.
DEBUG - 2026-07-20 08:56:20 --> Session: Class initialized using 'CodeIgniter\Session\Handlers\FileHandler' driver.
